
> exam-attendance-backend@1.0.0 dev
> nodemon server.js

[33m[nodemon] 3.1.14[39m
[33m[nodemon] to restart at any time, enter `rs`[39m
[33m[nodemon] watching path(s): *.*[39m
[33m[nodemon] watching extensions: js,mjs,cjs,json[39m
[32m[nodemon] starting `node server.js`[39m
🚀 Server running on http://0.0.0.0:5000
✅ MongoDB connected: 127.0.0.1/exam_attendance_db
[0mGET /api/health [32m200[0m 4.359 ms - 72[0m
[0mGET /api/health [32m200[0m 1.309 ms - 72[0m
Error: Not allowed by CORS
    at origin (C:\Users\hp\atttedance-\backend\server.js:36:21)
    at C:\Users\hp\atttedance-\backend\node_modules\cors\lib\index.js:219:13
    at optionsCallback (C:\Users\hp\atttedance-\backend\node_modules\cors\lib\index.js:199:9)
    at corsMiddleware (C:\Users\hp\atttedance-\backend\node_modules\cors\lib\index.js:204:7)
    at Layer.handle [as handle_request] (C:\Users\hp\atttedance-\backend\node_modules\express\lib\router\layer.js:95:5)
    at trim_prefix (C:\Users\hp\atttedance-\backend\node_modules\express\lib\router\index.js:328:13)
    at C:\Users\hp\atttedance-\backend\node_modules\express\lib\router\index.js:286:9
    at Function.process_params (C:\Users\hp\atttedance-\backend\node_modules\express\lib\router\index.js:346:12)
    at next (C:\Users\hp\atttedance-\backend\node_modules\express\lib\router\index.js:280:10)
    at expressInit (C:\Users\hp\atttedance-\backend\node_modules\express\lib\middleware\init.js:40:5)
[0mPOST /api/auth/login [32m200[0m 242.685 ms - 521[0m
[0mPOST /api/auth/login [32m200[0m 112.132 ms - 521[0m
[0mPOST /api/qr/scan [32m200[0m 123.028 ms - 914[0m
[0mGET /api/health [32m200[0m 0.783 ms - 72[0m
[0mPOST /api/auth/login [32m200[0m 111.706 ms - 521[0m
[0mGET /api/exams?mine=true [32m200[0m 50.095 ms - 1111[0m
[0mPOST /api/qr/scan [33m401[0m 1.106 ms - 63[0m
[0mPOST /api/qr/scan [33m400[0m 22.864 ms - 80[0m
[0mGET /api/health [32m200[0m 0.382 ms - 72[0m
